
> proyecto-venta-productos@1.0.0 build
> tsc

